// Jest Snapshot v1, https://goo.gl/fbAQLP

exports[`<NotFound /> Should render 1`] = `
<div
  class="NotFound"
>
  <p>
    Oops, Page was not found!
  </p>
</div>
`;
