// Jest Snapshot v1, https://goo.gl/fbAQLP

exports[`<Loading /> Should render 1`] = `
<div
  class="Loading"
>
  <p>
    Loading...
  </p>
</div>
`;
